// Jest Snapshot v1, https://goo.gl/fbAQLP

exports[`App should render all the time equally with data 1`] = `
<div>
  <div>
    <h1>
      First Airline: 
      "Aer Lingus"
    </h1>
    <div
      style="width: 800px; height: 300px;"
    >
      <div
        class="ReactChart "
        style="width: 0px; height: 0px; position: relative;"
      >
        <svg
          style="width: 0px; height: 0px; overflow: hidden;"
        >
          <g
            style="transform: translate3d(20px, 0px, 0);"
          >
            <rect
              height="0"
              style="stroke-width: 0; fill: #333; opacity: 0;"
              width="0"
              x="-20"
              y="0"
            />
            <g
              class="axes"
            >
              <g
                class="Axis"
                style="pointer-events: none; transform: translate3d(0, -20px, 0);"
              >
                <path
                  class="domain"
                  d="
        M 0, 6
        V 0
        H -20
        V 6
      "
                  style="stroke-width: 1; stroke: rgba(0,0,0, .1); fill: transparent; opacity: 1;"
                />
                <g
                  class="ticks"
                >
                  <g
                    class="tick"
                    style="transform: translate3d(0px, 0, 0);"
                  >
                    <line
                      class="gridLine"
                      style="stroke-width: 1; fill: transparent; opacity: 1; stroke: rgba(0,0,0, .1);"
                      y1="0"
                      y2="20"
                    />
                    <g
                      class="labelGroup"
                    >
                      <line
                        class="tickline"
                        style="stroke-width: 1; fill: transparent; opacity: 1; stroke: rgba(0,0,0, .1);"
                        x1="0"
                        x2="0"
                        y1="0"
                        y2="6"
                      />
                      <text
                        class="tickLabel"
                        dominant-baseline="hanging"
                        style="font-family: sans-serif; font-size: 10px; opacity: 1; fill: black; transform: translate3d(0px, 20px, 0) rotate(0deg);"
                        text-anchor="middle"
                      >
                        0
                      </text>
                    </g>
                  </g>
                  <g
                    class="tick"
                    style="transform: translate3d(-2px, 0, 0);"
                  >
                    <line
                      class="gridLine"
                      style="stroke-width: 1; fill: transparent; opacity: 1; stroke: rgba(0,0,0, .1);"
                      y1="0"
                      y2="20"
                    />
                    <g
                      class="labelGroup"
                    >
                      <line
                        class="tickline"
                        style="stroke-width: 1; fill: transparent; opacity: 1; stroke: rgba(0,0,0, .1);"
                        x1="0"
                        x2="0"
                        y1="0"
                        y2="6"
                      />
                      <text
                        class="tickLabel"
                        dominant-baseline="hanging"
                        style="font-family: sans-serif; font-size: 10px; opacity: 1; fill: black; transform: translate3d(0px, 20px, 0) rotate(0deg);"
                        text-anchor="middle"
                      >
                        10
                      </text>
                    </g>
                  </g>
                  <g
                    class="tick"
                    style="transform: translate3d(-5px, 0, 0);"
                  >
                    <line
                      class="gridLine"
                      style="stroke-width: 1; fill: transparent; opacity: 1; stroke: rgba(0,0,0, .1);"
                      y1="0"
                      y2="20"
                    />
                    <g
                      class="labelGroup"
                    >
                      <line
                        class="tickline"
                        style="stroke-width: 1; fill: transparent; opacity: 1; stroke: rgba(0,0,0, .1);"
                        x1="0"
                        x2="0"
                        y1="0"
                        y2="6"
                      />
                      <text
                        class="tickLabel"
                        dominant-baseline="hanging"
                        style="font-family: sans-serif; font-size: 10px; opacity: 1; fill: black; transform: translate3d(0px, 20px, 0) rotate(0deg);"
                        text-anchor="middle"
                      >
                        20
                      </text>
                    </g>
                  </g>
                  <g
                    class="tick"
                    style="transform: translate3d(-7px, 0, 0);"
                  >
                    <line
                      class="gridLine"
                      style="stroke-width: 1; fill: transparent; opacity: 1; stroke: rgba(0,0,0, .1);"
                      y1="0"
                      y2="20"
                    />
                    <g
                      class="labelGroup"
                    >
                      <line
                        class="tickline"
                        style="stroke-width: 1; fill: transparent; opacity: 1; stroke: rgba(0,0,0, .1);"
                        x1="0"
                        x2="0"
                        y1="0"
                        y2="6"
                      />
                      <text
                        class="tickLabel"
                        dominant-baseline="hanging"
                        style="font-family: sans-serif; font-size: 10px; opacity: 1; fill: black; transform: translate3d(0px, 20px, 0) rotate(0deg);"
                        text-anchor="middle"
                      >
                        30
                      </text>
                    </g>
                  </g>
                  <g
                    class="tick"
                    style="transform: translate3d(-10px, 0, 0);"
                  >
                    <line
                      class="gridLine"
                      style="stroke-width: 1; fill: transparent; opacity: 1; stroke: rgba(0,0,0, .1);"
                      y1="0"
                      y2="20"
                    />
                    <g
                      class="labelGroup"
                    >
                      <line
                        class="tickline"
                        style="stroke-width: 1; fill: transparent; opacity: 1; stroke: rgba(0,0,0, .1);"
                        x1="0"
                        x2="0"
                        y1="0"
                        y2="6"
                      />
                      <text
                        class="tickLabel"
                        dominant-baseline="hanging"
                        style="font-family: sans-serif; font-size: 10px; opacity: 1; fill: black; transform: translate3d(0px, 20px, 0) rotate(0deg);"
                        text-anchor="middle"
                      >
                        40
                      </text>
                    </g>
                  </g>
                  <g
                    class="tick"
                    style="transform: translate3d(-12px, 0, 0);"
                  >
                    <line
                      class="gridLine"
                      style="stroke-width: 1; fill: transparent; opacity: 1; stroke: rgba(0,0,0, .1);"
                      y1="0"
                      y2="20"
                    />
                    <g
                      class="labelGroup"
                    >
                      <line
                        class="tickline"
                        style="stroke-width: 1; fill: transparent; opacity: 1; stroke: rgba(0,0,0, .1);"
                        x1="0"
                        x2="0"
                        y1="0"
                        y2="6"
                      />
                      <text
                        class="tickLabel"
                        dominant-baseline="hanging"
                        style="font-family: sans-serif; font-size: 10px; opacity: 1; fill: black; transform: translate3d(0px, 20px, 0) rotate(0deg);"
                        text-anchor="middle"
                      >
                        50
                      </text>
                    </g>
                  </g>
                  <g
                    class="tick"
                    style="transform: translate3d(-15px, 0, 0);"
                  >
                    <line
                      class="gridLine"
                      style="stroke-width: 1; fill: transparent; opacity: 1; stroke: rgba(0,0,0, .1);"
                      y1="0"
                      y2="20"
                    />
                    <g
                      class="labelGroup"
                    >
                      <line
                        class="tickline"
                        style="stroke-width: 1; fill: transparent; opacity: 1; stroke: rgba(0,0,0, .1);"
                        x1="0"
                        x2="0"
                        y1="0"
                        y2="6"
                      />
                      <text
                        class="tickLabel"
                        dominant-baseline="hanging"
                        style="font-family: sans-serif; font-size: 10px; opacity: 1; fill: black; transform: translate3d(0px, 20px, 0) rotate(0deg);"
                        text-anchor="middle"
                      >
                        60
                      </text>
                    </g>
                  </g>
                  <g
                    class="tick"
                    style="transform: translate3d(-17px, 0, 0);"
                  >
                    <line
                      class="gridLine"
                      style="stroke-width: 1; fill: transparent; opacity: 1; stroke: rgba(0,0,0, .1);"
                      y1="0"
                      y2="20"
                    />
                    <g
                      class="labelGroup"
                    >
                      <line
                        class="tickline"
                        style="stroke-width: 1; fill: transparent; opacity: 1; stroke: rgba(0,0,0, .1);"
                        x1="0"
                        x2="0"
                        y1="0"
                        y2="6"
                      />
                      <text
                        class="tickLabel"
                        dominant-baseline="hanging"
                        style="font-family: sans-serif; font-size: 10px; opacity: 1; fill: black; transform: translate3d(0px, 20px, 0) rotate(0deg);"
                        text-anchor="middle"
                      >
                        70
                      </text>
                    </g>
                  </g>
                  <g
                    class="tick"
                    style="transform: translate3d(-20px, 0, 0);"
                  >
                    <line
                      class="gridLine"
                      style="stroke-width: 1; fill: transparent; opacity: 1; stroke: rgba(0,0,0, .1);"
                      y1="0"
                      y2="20"
                    />
                    <g
                      class="labelGroup"
                    >
                      <line
                        class="tickline"
                        style="stroke-width: 1; fill: transparent; opacity: 1; stroke: rgba(0,0,0, .1);"
                        x1="0"
                        x2="0"
                        y1="0"
                        y2="6"
                      />
                      <text
                        class="tickLabel"
                        dominant-baseline="hanging"
                        style="font-family: sans-serif; font-size: 10px; opacity: 1; fill: black; transform: translate3d(0px, 20px, 0) rotate(0deg);"
                        text-anchor="middle"
                      >
                        80
                      </text>
                    </g>
                  </g>
                </g>
              </g>
              <g
                class="Axis"
                style="pointer-events: none;"
              >
                <path
                  class="domain"
                  d="
        M -6, -20
        H 0
        V 0
        H -6
      "
                  style="stroke-width: 1; stroke: rgba(0,0,0, .1); fill: transparent; opacity: 1;"
                />
                <g
                  class="ticks"
                >
                  <g
                    class="tick"
                    style="transform: translate3d(0, -20px, 0);"
                  >
                    <line
                      class="gridLine"
                      style="stroke-width: 1; fill: transparent; opacity: 1; stroke: rgba(0,0,0, .1);"
                      x1="0"
                      x2="-20"
                    />
                    <g
                      class="labelGroup"
                    >
                      <line
                        class="tickline"
                        style="stroke-width: 1; fill: transparent; opacity: 1; stroke: rgba(0,0,0, .1);"
                        x1="0"
                        x2="-6"
                        y1="0"
                        y2="0"
                      />
                      <text
                        class="tickLabel"
                        dominant-baseline="central"
                        style="font-family: sans-serif; font-size: 10px; opacity: 1; fill: black; transform: translate3d(-20px, 0px, 0) rotate(0deg);"
                        text-anchor="end"
                      >
                        0
                      </text>
                    </g>
                  </g>
                  <g
                    class="tick"
                    style="transform: translate3d(0, -17px, 0);"
                  >
                    <line
                      class="gridLine"
                      style="stroke-width: 1; fill: transparent; opacity: 1; stroke: rgba(0,0,0, .1);"
                      x1="0"
                      x2="-20"
                    />
                    <g
                      class="labelGroup"
                    >
                      <line
                        class="tickline"
                        style="stroke-width: 1; fill: transparent; opacity: 1; stroke: rgba(0,0,0, .1);"
                        x1="0"
                        x2="-6"
                        y1="0"
                        y2="0"
                      />
                      <text
                        class="tickLabel"
                        dominant-baseline="central"
                        style="font-family: sans-serif; font-size: 10px; opacity: 1; fill: black; transform: translate3d(-20px, 0px, 0) rotate(0deg);"
                        text-anchor="end"
                      >
                        1
                      </text>
                    </g>
                  </g>
                  <g
                    class="tick"
                    style="transform: translate3d(0, -15px, 0);"
                  >
                    <line
                      class="gridLine"
                      style="stroke-width: 1; fill: transparent; opacity: 1; stroke: rgba(0,0,0, .1);"
                      x1="0"
                      x2="-20"
                    />
                    <g
                      class="labelGroup"
                    >
                      <line
                        class="tickline"
                        style="stroke-width: 1; fill: transparent; opacity: 1; stroke: rgba(0,0,0, .1);"
                        x1="0"
                        x2="-6"
                        y1="0"
                        y2="0"
                      />
                      <text
                        class="tickLabel"
                        dominant-baseline="central"
                        style="font-family: sans-serif; font-size: 10px; opacity: 1; fill: black; transform: translate3d(-20px, 0px, 0) rotate(0deg);"
                        text-anchor="end"
                      >
                        2
                      </text>
                    </g>
                  </g>
                  <g
                    class="tick"
                    style="transform: translate3d(0, -12px, 0);"
                  >
                    <line
                      class="gridLine"
                      style="stroke-width: 1; fill: transparent; opacity: 1; stroke: rgba(0,0,0, .1);"
                      x1="0"
                      x2="-20"
                    />
                    <g
                      class="labelGroup"
                    >
                      <line
                        class="tickline"
                        style="stroke-width: 1; fill: transparent; opacity: 1; stroke: rgba(0,0,0, .1);"
                        x1="0"
                        x2="-6"
                        y1="0"
                        y2="0"
                      />
                      <text
                        class="tickLabel"
                        dominant-baseline="central"
                        style="font-family: sans-serif; font-size: 10px; opacity: 1; fill: black; transform: translate3d(-20px, 0px, 0) rotate(0deg);"
                        text-anchor="end"
                      >
                        3
                      </text>
                    </g>
                  </g>
                  <g
                    class="tick"
                    style="transform: translate3d(0, -10px, 0);"
                  >
                    <line
                      class="gridLine"
                      style="stroke-width: 1; fill: transparent; opacity: 1; stroke: rgba(0,0,0, .1);"
                      x1="0"
                      x2="-20"
                    />
                    <g
                      class="labelGroup"
                    >
                      <line
                        class="tickline"
                        style="stroke-width: 1; fill: transparent; opacity: 1; stroke: rgba(0,0,0, .1);"
                        x1="0"
                        x2="-6"
                        y1="0"
                        y2="0"
                      />
                      <text
                        class="tickLabel"
                        dominant-baseline="central"
                        style="font-family: sans-serif; font-size: 10px; opacity: 1; fill: black; transform: translate3d(-20px, 0px, 0) rotate(0deg);"
                        text-anchor="end"
                      >
                        4
                      </text>
                    </g>
                  </g>
                  <g
                    class="tick"
                    style="transform: translate3d(0, -7px, 0);"
                  >
                    <line
                      class="gridLine"
                      style="stroke-width: 1; fill: transparent; opacity: 1; stroke: rgba(0,0,0, .1);"
                      x1="0"
                      x2="-20"
                    />
                    <g
                      class="labelGroup"
                    >
                      <line
                        class="tickline"
                        style="stroke-width: 1; fill: transparent; opacity: 1; stroke: rgba(0,0,0, .1);"
                        x1="0"
                        x2="-6"
                        y1="0"
                        y2="0"
                      />
                      <text
                        class="tickLabel"
                        dominant-baseline="central"
                        style="font-family: sans-serif; font-size: 10px; opacity: 1; fill: black; transform: translate3d(-20px, 0px, 0) rotate(0deg);"
                        text-anchor="end"
                      >
                        5
                      </text>
                    </g>
                  </g>
                  <g
                    class="tick"
                    style="transform: translate3d(0, -5px, 0);"
                  >
                    <line
                      class="gridLine"
                      style="stroke-width: 1; fill: transparent; opacity: 1; stroke: rgba(0,0,0, .1);"
                      x1="0"
                      x2="-20"
                    />
                    <g
                      class="labelGroup"
                    >
                      <line
                        class="tickline"
                        style="stroke-width: 1; fill: transparent; opacity: 1; stroke: rgba(0,0,0, .1);"
                        x1="0"
                        x2="-6"
                        y1="0"
                        y2="0"
                      />
                      <text
                        class="tickLabel"
                        dominant-baseline="central"
                        style="font-family: sans-serif; font-size: 10px; opacity: 1; fill: black; transform: translate3d(-20px, 0px, 0) rotate(0deg);"
                        text-anchor="end"
                      >
                        6
                      </text>
                    </g>
                  </g>
                  <g
                    class="tick"
                    style="transform: translate3d(0, -2px, 0);"
                  >
                    <line
                      class="gridLine"
                      style="stroke-width: 1; fill: transparent; opacity: 1; stroke: rgba(0,0,0, .1);"
                      x1="0"
                      x2="-20"
                    />
                    <g
                      class="labelGroup"
                    >
                      <line
                        class="tickline"
                        style="stroke-width: 1; fill: transparent; opacity: 1; stroke: rgba(0,0,0, .1);"
                        x1="0"
                        x2="-6"
                        y1="0"
                        y2="0"
                      />
                      <text
                        class="tickLabel"
                        dominant-baseline="central"
                        style="font-family: sans-serif; font-size: 10px; opacity: 1; fill: black; transform: translate3d(-20px, 0px, 0) rotate(0deg);"
                        text-anchor="end"
                      >
                        7
                      </text>
                    </g>
                  </g>
                  <g
                    class="tick"
                    style="transform: translate3d(0, 0px, 0);"
                  >
                    <line
                      class="gridLine"
                      style="stroke-width: 1; fill: transparent; opacity: 1; stroke: rgba(0,0,0, .1);"
                      x1="0"
                      x2="-20"
                    />
                    <g
                      class="labelGroup"
                    >
                      <line
                        class="tickline"
                        style="stroke-width: 1; fill: transparent; opacity: 1; stroke: rgba(0,0,0, .1);"
                        x1="0"
                        x2="-6"
                        y1="0"
                        y2="0"
                      />
                      <text
                        class="tickLabel"
                        dominant-baseline="central"
                        style="font-family: sans-serif; font-size: 10px; opacity: 1; fill: black; transform: translate3d(-20px, 0px, 0) rotate(0deg);"
                        text-anchor="end"
                      >
                        8
                      </text>
                    </g>
                  </g>
                </g>
              </g>
            </g>
            <g
              class="Series"
              style="pointer-events: none;"
            >
              <g
                class="series bar"
              >
                <rect
                  height="0"
                  style="stroke-width: 0; fill: #4ab5eb; opacity: 1; pointer-events: all; stroke: #4ab5eb;"
                  width="0"
                  x="0"
                  y="-20"
                />
                <rect
                  height="0"
                  style="stroke-width: 0; fill: #4ab5eb; opacity: 1; pointer-events: all; stroke: #4ab5eb;"
                  width="0"
                  x="-0.25"
                  y="-20"
                />
                <rect
                  height="7.5"
                  style="stroke-width: 0; fill: #4ab5eb; opacity: 1; pointer-events: all; stroke: #4ab5eb;"
                  width="0"
                  x="-0.5"
                  y="-20"
                />
                <rect
                  height="20"
                  style="stroke-width: 0; fill: #4ab5eb; opacity: 1; pointer-events: all; stroke: #4ab5eb;"
                  width="0"
                  x="-0.75"
                  y="-20"
                />
                <rect
                  height="12.5"
                  style="stroke-width: 0; fill: #4ab5eb; opacity: 1; pointer-events: all; stroke: #4ab5eb;"
                  width="0"
                  x="-1"
                  y="-20"
                />
                <rect
                  height="10"
                  style="stroke-width: 0; fill: #4ab5eb; opacity: 1; pointer-events: all; stroke: #4ab5eb;"
                  width="0"
                  x="-1.25"
                  y="-20"
                />
                <rect
                  height="15"
                  style="stroke-width: 0; fill: #4ab5eb; opacity: 1; pointer-events: all; stroke: #4ab5eb;"
                  width="0"
                  x="-1.5"
                  y="-20"
                />
                <rect
                  height="5"
                  style="stroke-width: 0; fill: #4ab5eb; opacity: 1; pointer-events: all; stroke: #4ab5eb;"
                  width="0"
                  x="-1.75"
                  y="-20"
                />
                <rect
                  height="7.5"
                  style="stroke-width: 0; fill: #4ab5eb; opacity: 1; pointer-events: all; stroke: #4ab5eb;"
                  width="0"
                  x="-2"
                  y="-20"
                />
                <rect
                  height="2.5"
                  style="stroke-width: 0; fill: #4ab5eb; opacity: 1; pointer-events: all; stroke: #4ab5eb;"
                  width="0"
                  x="-2.25"
                  y="-20"
                />
                <rect
                  height="7.5"
                  style="stroke-width: 0; fill: #4ab5eb; opacity: 1; pointer-events: all; stroke: #4ab5eb;"
                  width="0"
                  x="-2.5"
                  y="-20"
                />
                <rect
                  height="5"
                  style="stroke-width: 0; fill: #4ab5eb; opacity: 1; pointer-events: all; stroke: #4ab5eb;"
                  width="0"
                  x="-2.75"
                  y="-20"
                />
                <rect
                  height="0"
                  style="stroke-width: 0; fill: #4ab5eb; opacity: 1; pointer-events: all; stroke: #4ab5eb;"
                  width="0"
                  x="-3"
                  y="-20"
                />
                <rect
                  height="0"
                  style="stroke-width: 0; fill: #4ab5eb; opacity: 1; pointer-events: all; stroke: #4ab5eb;"
                  width="0"
                  x="-3.25"
                  y="-20"
                />
                <rect
                  height="0"
                  style="stroke-width: 0; fill: #4ab5eb; opacity: 1; pointer-events: all; stroke: #4ab5eb;"
                  width="0"
                  x="-3.5"
                  y="-20"
                />
                <rect
                  height="5"
                  style="stroke-width: 0; fill: #4ab5eb; opacity: 1; pointer-events: all; stroke: #4ab5eb;"
                  width="0"
                  x="-3.75"
                  y="-20"
                />
                <rect
                  height="0"
                  style="stroke-width: 0; fill: #4ab5eb; opacity: 1; pointer-events: all; stroke: #4ab5eb;"
                  width="0"
                  x="-4"
                  y="-20"
                />
                <rect
                  height="5"
                  style="stroke-width: 0; fill: #4ab5eb; opacity: 1; pointer-events: all; stroke: #4ab5eb;"
                  width="0"
                  x="-4.25"
                  y="-20"
                />
                <rect
                  height="7.5"
                  style="stroke-width: 0; fill: #4ab5eb; opacity: 1; pointer-events: all; stroke: #4ab5eb;"
                  width="0"
                  x="-4.5"
                  y="-20"
                />
                <rect
                  height="5"
                  style="stroke-width: 0; fill: #4ab5eb; opacity: 1; pointer-events: all; stroke: #4ab5eb;"
                  width="0"
                  x="-4.75"
                  y="-20"
                />
                <rect
                  height="0"
                  style="stroke-width: 0; fill: #4ab5eb; opacity: 1; pointer-events: all; stroke: #4ab5eb;"
                  width="0"
                  x="-5"
                  y="-20"
                />
                <rect
                  height="0"
                  style="stroke-width: 0; fill: #4ab5eb; opacity: 1; pointer-events: all; stroke: #4ab5eb;"
                  width="0"
                  x="-5.25"
                  y="-20"
                />
                <rect
                  height="0"
                  style="stroke-width: 0; fill: #4ab5eb; opacity: 1; pointer-events: all; stroke: #4ab5eb;"
                  width="0"
                  x="-5.5"
                  y="-20"
                />
                <rect
                  height="2.5"
                  style="stroke-width: 0; fill: #4ab5eb; opacity: 1; pointer-events: all; stroke: #4ab5eb;"
                  width="0"
                  x="-5.75"
                  y="-20"
                />
                <rect
                  height="2.5"
                  style="stroke-width: 0; fill: #4ab5eb; opacity: 1; pointer-events: all; stroke: #4ab5eb;"
                  width="0"
                  x="-6"
                  y="-20"
                />
                <rect
                  height="2.5"
                  style="stroke-width: 0; fill: #4ab5eb; opacity: 1; pointer-events: all; stroke: #4ab5eb;"
                  width="0"
                  x="-6.25"
                  y="-20"
                />
                <rect
                  height="0"
                  style="stroke-width: 0; fill: #4ab5eb; opacity: 1; pointer-events: all; stroke: #4ab5eb;"
                  width="0"
                  x="-6.5"
                  y="-20"
                />
                <rect
                  height="0"
                  style="stroke-width: 0; fill: #4ab5eb; opacity: 1; pointer-events: all; stroke: #4ab5eb;"
                  width="0"
                  x="-6.75"
                  y="-20"
                />
                <rect
                  height="0"
                  style="stroke-width: 0; fill: #4ab5eb; opacity: 1; pointer-events: all; stroke: #4ab5eb;"
                  width="0"
                  x="-7"
                  y="-20"
                />
                <rect
                  height="0"
                  style="stroke-width: 0; fill: #4ab5eb; opacity: 1; pointer-events: all; stroke: #4ab5eb;"
                  width="0"
                  x="-7.25"
                  y="-20"
                />
                <rect
                  height="2.5"
                  style="stroke-width: 0; fill: #4ab5eb; opacity: 1; pointer-events: all; stroke: #4ab5eb;"
                  width="0"
                  x="-7.5"
                  y="-20"
                />
                <rect
                  height="2.5"
                  style="stroke-width: 0; fill: #4ab5eb; opacity: 1; pointer-events: all; stroke: #4ab5eb;"
                  width="0"
                  x="-7.75"
                  y="-20"
                />
                <rect
                  height="2.5"
                  style="stroke-width: 0; fill: #4ab5eb; opacity: 1; pointer-events: all; stroke: #4ab5eb;"
                  width="0"
                  x="-8"
                  y="-20"
                />
                <rect
                  height="0"
                  style="stroke-width: 0; fill: #4ab5eb; opacity: 1; pointer-events: all; stroke: #4ab5eb;"
                  width="0"
                  x="-8.25"
                  y="-20"
                />
                <rect
                  height="2.5"
                  style="stroke-width: 0; fill: #4ab5eb; opacity: 1; pointer-events: all; stroke: #4ab5eb;"
                  width="0"
                  x="-8.5"
                  y="-20"
                />
                <rect
                  height="0"
                  style="stroke-width: 0; fill: #4ab5eb; opacity: 1; pointer-events: all; stroke: #4ab5eb;"
                  width="0"
                  x="-8.75"
                  y="-20"
                />
                <rect
                  height="0"
                  style="stroke-width: 0; fill: #4ab5eb; opacity: 1; pointer-events: all; stroke: #4ab5eb;"
                  width="0"
                  x="-9"
                  y="-20"
                />
                <rect
                  height="0"
                  style="stroke-width: 0; fill: #4ab5eb; opacity: 1; pointer-events: all; stroke: #4ab5eb;"
                  width="0"
                  x="-9.25"
                  y="-20"
                />
                <rect
                  height="0"
                  style="stroke-width: 0; fill: #4ab5eb; opacity: 1; pointer-events: all; stroke: #4ab5eb;"
                  width="0"
                  x="-9.5"
                  y="-20"
                />
                <rect
                  height="0"
                  style="stroke-width: 0; fill: #4ab5eb; opacity: 1; pointer-events: all; stroke: #4ab5eb;"
                  width="0"
                  x="-9.75"
                  y="-20"
                />
                <rect
                  height="0"
                  style="stroke-width: 0; fill: #4ab5eb; opacity: 1; pointer-events: all; stroke: #4ab5eb;"
                  width="0"
                  x="-10"
                  y="-20"
                />
                <rect
                  height="0"
                  style="stroke-width: 0; fill: #4ab5eb; opacity: 1; pointer-events: all; stroke: #4ab5eb;"
                  width="0"
                  x="-10.25"
                  y="-20"
                />
                <rect
                  height="0"
                  style="stroke-width: 0; fill: #4ab5eb; opacity: 1; pointer-events: all; stroke: #4ab5eb;"
                  width="0"
                  x="-10.5"
                  y="-20"
                />
                <rect
                  height="0"
                  style="stroke-width: 0; fill: #4ab5eb; opacity: 1; pointer-events: all; stroke: #4ab5eb;"
                  width="0"
                  x="-10.75"
                  y="-20"
                />
                <rect
                  height="0"
                  style="stroke-width: 0; fill: #4ab5eb; opacity: 1; pointer-events: all; stroke: #4ab5eb;"
                  width="0"
                  x="-11"
                  y="-20"
                />
                <rect
                  height="0"
                  style="stroke-width: 0; fill: #4ab5eb; opacity: 1; pointer-events: all; stroke: #4ab5eb;"
                  width="0"
                  x="-11.25"
                  y="-20"
                />
                <rect
                  height="0"
                  style="stroke-width: 0; fill: #4ab5eb; opacity: 1; pointer-events: all; stroke: #4ab5eb;"
                  width="0"
                  x="-11.5"
                  y="-20"
                />
                <rect
                  height="0"
                  style="stroke-width: 0; fill: #4ab5eb; opacity: 1; pointer-events: all; stroke: #4ab5eb;"
                  width="0"
                  x="-11.75"
                  y="-20"
                />
                <rect
                  height="0"
                  style="stroke-width: 0; fill: #4ab5eb; opacity: 1; pointer-events: all; stroke: #4ab5eb;"
                  width="0"
                  x="-12"
                  y="-20"
                />
                <rect
                  height="0"
                  style="stroke-width: 0; fill: #4ab5eb; opacity: 1; pointer-events: all; stroke: #4ab5eb;"
                  width="0"
                  x="-12.25"
                  y="-20"
                />
                <rect
                  height="0"
                  style="stroke-width: 0; fill: #4ab5eb; opacity: 1; pointer-events: all; stroke: #4ab5eb;"
                  width="0"
                  x="-12.5"
                  y="-20"
                />
                <rect
                  height="0"
                  style="stroke-width: 0; fill: #4ab5eb; opacity: 1; pointer-events: all; stroke: #4ab5eb;"
                  width="0"
                  x="-12.75"
                  y="-20"
                />
                <rect
                  height="2.5"
                  style="stroke-width: 0; fill: #4ab5eb; opacity: 1; pointer-events: all; stroke: #4ab5eb;"
                  width="0"
                  x="-13"
                  y="-20"
                />
                <rect
                  height="0"
                  style="stroke-width: 0; fill: #4ab5eb; opacity: 1; pointer-events: all; stroke: #4ab5eb;"
                  width="0"
                  x="-13.25"
                  y="-20"
                />
                <rect
                  height="0"
                  style="stroke-width: 0; fill: #4ab5eb; opacity: 1; pointer-events: all; stroke: #4ab5eb;"
                  width="0"
                  x="-13.5"
                  y="-20"
                />
                <rect
                  height="0"
                  style="stroke-width: 0; fill: #4ab5eb; opacity: 1; pointer-events: all; stroke: #4ab5eb;"
                  width="0"
                  x="-13.75"
                  y="-20"
                />
                <rect
                  height="0"
                  style="stroke-width: 0; fill: #4ab5eb; opacity: 1; pointer-events: all; stroke: #4ab5eb;"
                  width="0"
                  x="-14"
                  y="-20"
                />
                <rect
                  height="0"
                  style="stroke-width: 0; fill: #4ab5eb; opacity: 1; pointer-events: all; stroke: #4ab5eb;"
                  width="0"
                  x="-14.25"
                  y="-20"
                />
                <rect
                  height="0"
                  style="stroke-width: 0; fill: #4ab5eb; opacity: 1; pointer-events: all; stroke: #4ab5eb;"
                  width="0"
                  x="-14.5"
                  y="-20"
                />
                <rect
                  height="0"
                  style="stroke-width: 0; fill: #4ab5eb; opacity: 1; pointer-events: all; stroke: #4ab5eb;"
                  width="0"
                  x="-14.75"
                  y="-20"
                />
                <rect
                  height="0"
                  style="stroke-width: 0; fill: #4ab5eb; opacity: 1; pointer-events: all; stroke: #4ab5eb;"
                  width="0"
                  x="-15"
                  y="-20"
                />
                <rect
                  height="0"
                  style="stroke-width: 0; fill: #4ab5eb; opacity: 1; pointer-events: all; stroke: #4ab5eb;"
                  width="0"
                  x="-15.25"
                  y="-20"
                />
                <rect
                  height="0"
                  style="stroke-width: 0; fill: #4ab5eb; opacity: 1; pointer-events: all; stroke: #4ab5eb;"
                  width="0"
                  x="-15.5"
                  y="-20"
                />
                <rect
                  height="0"
                  style="stroke-width: 0; fill: #4ab5eb; opacity: 1; pointer-events: all; stroke: #4ab5eb;"
                  width="0"
                  x="-15.75"
                  y="-20"
                />
                <rect
                  height="0"
                  style="stroke-width: 0; fill: #4ab5eb; opacity: 1; pointer-events: all; stroke: #4ab5eb;"
                  width="0"
                  x="-16"
                  y="-20"
                />
                <rect
                  height="2.5"
                  style="stroke-width: 0; fill: #4ab5eb; opacity: 1; pointer-events: all; stroke: #4ab5eb;"
                  width="0"
                  x="-16.25"
                  y="-20"
                />
                <rect
                  height="0"
                  style="stroke-width: 0; fill: #4ab5eb; opacity: 1; pointer-events: all; stroke: #4ab5eb;"
                  width="0"
                  x="-16.5"
                  y="-20"
                />
                <rect
                  height="0"
                  style="stroke-width: 0; fill: #4ab5eb; opacity: 1; pointer-events: all; stroke: #4ab5eb;"
                  width="0"
                  x="-16.75"
                  y="-20"
                />
                <rect
                  height="0"
                  style="stroke-width: 0; fill: #4ab5eb; opacity: 1; pointer-events: all; stroke: #4ab5eb;"
                  width="0"
                  x="-17"
                  y="-20"
                />
                <rect
                  height="0"
                  style="stroke-width: 0; fill: #4ab5eb; opacity: 1; pointer-events: all; stroke: #4ab5eb;"
                  width="0"
                  x="-17.25"
                  y="-20"
                />
                <rect
                  height="0"
                  style="stroke-width: 0; fill: #4ab5eb; opacity: 1; pointer-events: all; stroke: #4ab5eb;"
                  width="0"
                  x="-17.5"
                  y="-20"
                />
                <rect
                  height="2.5"
                  style="stroke-width: 0; fill: #4ab5eb; opacity: 1; pointer-events: all; stroke: #4ab5eb;"
                  width="0"
                  x="-17.75"
                  y="-20"
                />
                <rect
                  height="0"
                  style="stroke-width: 0; fill: #4ab5eb; opacity: 1; pointer-events: all; stroke: #4ab5eb;"
                  width="0"
                  x="-18"
                  y="-20"
                />
                <rect
                  height="0"
                  style="stroke-width: 0; fill: #4ab5eb; opacity: 1; pointer-events: all; stroke: #4ab5eb;"
                  width="0"
                  x="-18.25"
                  y="-20"
                />
                <rect
                  height="0"
                  style="stroke-width: 0; fill: #4ab5eb; opacity: 1; pointer-events: all; stroke: #4ab5eb;"
                  width="0"
                  x="-18.5"
                  y="-20"
                />
                <rect
                  height="0"
                  style="stroke-width: 0; fill: #4ab5eb; opacity: 1; pointer-events: all; stroke: #4ab5eb;"
                  width="0"
                  x="-18.75"
                  y="-20"
                />
                <rect
                  height="0"
                  style="stroke-width: 0; fill: #4ab5eb; opacity: 1; pointer-events: all; stroke: #4ab5eb;"
                  width="0"
                  x="-19"
                  y="-20"
                />
                <rect
                  height="0"
                  style="stroke-width: 0; fill: #4ab5eb; opacity: 1; pointer-events: all; stroke: #4ab5eb;"
                  width="0"
                  x="-19.25"
                  y="-20"
                />
                <rect
                  height="0"
                  style="stroke-width: 0; fill: #4ab5eb; opacity: 1; pointer-events: all; stroke: #4ab5eb;"
                  width="0"
                  x="-19.5"
                  y="-20"
                />
                <rect
                  height="0"
                  style="stroke-width: 0; fill: #4ab5eb; opacity: 1; pointer-events: all; stroke: #4ab5eb;"
                  width="0"
                  x="-19.75"
                  y="-20"
                />
              </g>
            </g>
          </g>
        </svg>
      </div>
    </div>
  </div>
</div>
`;

exports[`App should render all the time equally without data 1`] = `
<div>
  <div
    class="App"
  >
    <header
      class="App-header"
    >
      <img
        alt="logo"
        class="App-logo"
        src="logo.svg"
      />
      <p>
        Edit 
        <code>
          src/App.js
        </code>
         and save to reload.
      </p>
      <a
        class="App-link"
        href="https://reactjs.org"
        rel="noopener noreferrer"
        target="_blank"
      >
        Learn React
      </a>
      <h1>
        First Airline: 
        none
      </h1>
    </header>
  </div>
</div>
`;
